../../TouchGFX/target/generated/HardwareMJPEGDecoder.hpp:61:22:virtual uint32_t HardwareMJPEGDecoder::getCurrentFrameNumber() const	0	static
../../TouchGFX/target/generated/HardwareMJPEGDecoder.hpp:74:23:virtual MJPEGDecoder::AVIErrors HardwareMJPEGDecoder::getLastError()	0	static
C:/TouchGFXProjects/MyApplication_11/TouchGFX/target/generated/HardwareMJPEGDecoder.cpp:297:6:virtual bool HardwareMJPEGDecoder::hasVideo()	0	static
C:/TouchGFXProjects/MyApplication_11/TouchGFX/target/generated/HardwareMJPEGDecoder.cpp:488:10:virtual uint32_t HardwareMJPEGDecoder::getNumberOfFrames()	0	static
C:/TouchGFXProjects/MyApplication_11/TouchGFX/target/generated/HardwareMJPEGDecoder.cpp:493:6:virtual void HardwareMJPEGDecoder::setRepeatVideo(bool)	0	static
C:/TouchGFXProjects/MyApplication_11/TouchGFX/target/generated/HardwareMJPEGDecoder.cpp:498:6:virtual void HardwareMJPEGDecoder::getVideoInfo(touchgfx::VideoInformation*)	8	static
../../TouchGFX/target/generated/HardwareMJPEGDecoder.hpp:44:7:HardwareMJPEGDecoder::~HardwareMJPEGDecoder()	0	static
C:/TouchGFXProjects/MyApplication_11/TouchGFX/target/generated/HardwareMJPEGDecoder.cpp:462:6:virtual bool HardwareMJPEGDecoder::decodeThumbnail(uint32_t, uint8_t*, uint16_t, uint16_t)	8	static
../../TouchGFX/target/generated/HardwareMJPEGDecoder.hpp:44:7:virtual HardwareMJPEGDecoder::~HardwareMJPEGDecoder()	8	static
C:/TouchGFXProjects/MyApplication_11/TouchGFX/target/generated/HardwareMJPEGDecoder.cpp:105:1:HardwareMJPEGDecoder::HardwareMJPEGDecoder()	16	static
C:/TouchGFXProjects/MyApplication_11/TouchGFX/target/generated/HardwareMJPEGDecoder.cpp:122:5:int HardwareMJPEGDecoder::compare(uint32_t, const char*, uint32_t)	4	static
C:/TouchGFXProjects/MyApplication_11/TouchGFX/target/generated/HardwareMJPEGDecoder.cpp:137:17:uint32_t HardwareMJPEGDecoder::getU32(uint32_t)	8	static
C:/TouchGFXProjects/MyApplication_11/TouchGFX/target/generated/HardwareMJPEGDecoder.cpp:152:17:uint32_t HardwareMJPEGDecoder::getU16(uint32_t)	0	static
C:/TouchGFXProjects/MyApplication_11/TouchGFX/target/generated/HardwareMJPEGDecoder.cpp:167:16:const uint8_t* HardwareMJPEGDecoder::readData(uint32_t, uint32_t)	16	static
C:/TouchGFXProjects/MyApplication_11/TouchGFX/target/generated/HardwareMJPEGDecoder.cpp:242:6:virtual bool HardwareMJPEGDecoder::gotoNextFrame()	32	static
C:/TouchGFXProjects/MyApplication_11/TouchGFX/target/generated/HardwareMJPEGDecoder.cpp:468:6:virtual void HardwareMJPEGDecoder::gotoFrame(uint32_t)	16	static
C:/TouchGFXProjects/MyApplication_11/TouchGFX/target/generated/HardwareMJPEGDecoder.cpp:302:6:void HardwareMJPEGDecoder::readVideoHeader()	32	static
C:/TouchGFXProjects/MyApplication_11/TouchGFX/target/generated/HardwareMJPEGDecoder.cpp:279:6:virtual void HardwareMJPEGDecoder::setVideoData(const uint8_t*, uint32_t)	0	static
C:/TouchGFXProjects/MyApplication_11/TouchGFX/target/generated/HardwareMJPEGDecoder.cpp:288:6:virtual void HardwareMJPEGDecoder::setVideoData(touchgfx::VideoDataReader&)	8	static
C:/TouchGFXProjects/MyApplication_11/TouchGFX/target/generated/HardwareMJPEGDecoder.cpp:515:14:uint32_t JPEG_Decode_DMA(JPEG_HandleTypeDef*, uint8_t*, uint32_t, uint8_t*)	24	static
C:/TouchGFXProjects/MyApplication_11/TouchGFX/target/generated/HardwareMJPEGDecoder.cpp:545:10:void HAL_JPEG_InfoReadyCallback(JPEG_HandleTypeDef*, JPEG_ConfTypeDef*)	8	static
C:/TouchGFXProjects/MyApplication_11/TouchGFX/target/generated/HardwareMJPEGDecoder.cpp:607:10:void HAL_JPEG_GetDataCallback(JPEG_HandleTypeDef*, uint32_t)	8	static
C:/TouchGFXProjects/MyApplication_11/TouchGFX/target/generated/HardwareMJPEGDecoder.cpp:626:10:void HAL_JPEG_DataReadyCallback(JPEG_HandleTypeDef*, uint8_t*, uint32_t)	24	static
C:/TouchGFXProjects/MyApplication_11/TouchGFX/target/generated/HardwareMJPEGDecoder.cpp:654:10:void HAL_JPEG_ErrorCallback(JPEG_HandleTypeDef*)	8	static
C:/TouchGFXProjects/MyApplication_11/TouchGFX/target/generated/HardwareMJPEGDecoder.cpp:666:10:void HAL_JPEG_DecodeCpltCallback(JPEG_HandleTypeDef*)	0	static
C:/TouchGFXProjects/MyApplication_11/TouchGFX/target/generated/HardwareMJPEGDecoder.cpp:677:10:uint32_t JPEG_OutputHandler(JPEG_HandleTypeDef*)	40	static,ignoring_inline_asm
C:/TouchGFXProjects/MyApplication_11/TouchGFX/target/generated/HardwareMJPEGDecoder.cpp:404:6:void HardwareMJPEGDecoder::decodeMJPEGFrame(const uint8_t*, uint32_t, uint8_t*, uint16_t, uint16_t, uint32_t)	16	static
C:/TouchGFXProjects/MyApplication_11/TouchGFX/target/generated/HardwareMJPEGDecoder.cpp:190:6:virtual bool HardwareMJPEGDecoder::decodeNextFrame(uint8_t*, uint16_t, uint16_t, uint32_t)	48	static
C:/TouchGFXProjects/MyApplication_11/TouchGFX/target/generated/HardwareMJPEGDecoder.cpp:438:6:virtual bool HardwareMJPEGDecoder::decodeFrame(const touchgfx::Rect&, uint8_t*, uint32_t)	24	static
