C:/TouchGFXProjects/MyApplication_11/Core/Src/main.c:1499:6:StartDefaultTask	8	static
C:/TouchGFXProjects/MyApplication_11/Core/Src/main.c:1380:16:QSPI_WriteEnable.constprop	88	static
C:/TouchGFXProjects/MyApplication_11/Core/Src/main.c:257:6:SystemClock_Config	88	static
C:/TouchGFXProjects/MyApplication_11/Core/Src/main.c:496:6:MX_I2C4_Init	16	static
C:/TouchGFXProjects/MyApplication_11/Core/Src/main.c:153:5:main	248	static,ignoring_inline_asm
C:/TouchGFXProjects/MyApplication_11/Core/Src/main.c:1588:6:HAL_TIM_PeriodElapsedCallback	0	static
C:/TouchGFXProjects/MyApplication_11/Core/Src/main.c:1605:6:Error_Handler	0	static
