C:/TouchGFXProjects/MyApplication_11/Core/Src/stm32f7xx_hal_msp.c:67:6:HAL_MspInit	8	static
C:/TouchGFXProjects/MyApplication_11/Core/Src/stm32f7xx_hal_msp.c:91:6:HAL_CRC_MspInit	8	static
C:/TouchGFXProjects/MyApplication_11/Core/Src/stm32f7xx_hal_msp.c:113:6:HAL_CRC_MspDeInit	0	static
C:/TouchGFXProjects/MyApplication_11/Core/Src/stm32f7xx_hal_msp.c:135:6:HAL_DMA2D_MspInit	16	static
C:/TouchGFXProjects/MyApplication_11/Core/Src/stm32f7xx_hal_msp.c:160:6:HAL_DMA2D_MspDeInit	0	static
C:/TouchGFXProjects/MyApplication_11/Core/Src/stm32f7xx_hal_msp.c:185:6:HAL_DSI_MspInit	40	static
C:/TouchGFXProjects/MyApplication_11/Core/Src/stm32f7xx_hal_msp.c:223:6:HAL_DSI_MspDeInit	8	static
C:/TouchGFXProjects/MyApplication_11/Core/Src/stm32f7xx_hal_msp.c:253:6:HAL_I2C_MspInit	200	static
C:/TouchGFXProjects/MyApplication_11/Core/Src/stm32f7xx_hal_msp.c:310:6:HAL_I2C_MspDeInit	8	static
C:/TouchGFXProjects/MyApplication_11/Core/Src/stm32f7xx_hal_msp.c:343:6:HAL_JPEG_MspInit	24	static
C:/TouchGFXProjects/MyApplication_11/Core/Src/stm32f7xx_hal_msp.c:412:6:HAL_JPEG_MspDeInit	8	static
C:/TouchGFXProjects/MyApplication_11/Core/Src/stm32f7xx_hal_msp.c:441:6:HAL_LTDC_MspInit	160	static
C:/TouchGFXProjects/MyApplication_11/Core/Src/stm32f7xx_hal_msp.c:482:6:HAL_LTDC_MspDeInit	0	static
C:/TouchGFXProjects/MyApplication_11/Core/Src/stm32f7xx_hal_msp.c:507:6:HAL_QSPI_MspInit	64	static
C:/TouchGFXProjects/MyApplication_11/Core/Src/stm32f7xx_hal_msp.c:580:6:HAL_QSPI_MspDeInit	8	static
C:/TouchGFXProjects/MyApplication_11/Core/Src/stm32f7xx_hal_msp.c:745:6:HAL_SDRAM_MspInit	48	static
C:/TouchGFXProjects/MyApplication_11/Core/Src/stm32f7xx_hal_msp.c:853:6:HAL_SDRAM_MspDeInit	8	static
C:/TouchGFXProjects/MyApplication_11/Core/Src/stm32f7xx_hal_msp.c:873:6:BSP_QSPI_MspInit	0	static
C:/TouchGFXProjects/MyApplication_11/Core/Src/stm32f7xx_hal_msp.c:887:6:BSP_QSPI_MspDeInit	0	static
C:/TouchGFXProjects/MyApplication_11/Core/Src/stm32f7xx_hal_msp.c:900:6:BSP_SDRAM_MspInit	0	static
C:/TouchGFXProjects/MyApplication_11/Core/Src/stm32f7xx_hal_msp.c:913:6:BSP_SDRAM_MspDeInit	0	static
