../../Middlewares/ST/touchgfx/framework/include/touchgfx/Screen.hpp:104:18:virtual void touchgfx::Screen::afterTransition()	0	static
../../Middlewares/ST/touchgfx/framework/include/touchgfx/Screen.hpp:144:18:virtual void touchgfx::Screen::handleTickEvent()	0	static
../../Middlewares/ST/touchgfx/framework/include/touchgfx/Screen.hpp:154:18:virtual void touchgfx::Screen::handleKeyEvent(uint8_t)	0	static
../../Middlewares/ST/touchgfx/framework/include/touchgfx/TypedText.hpp:65:13:touchgfx::TypedText::~TypedText()	0	static
../../TouchGFX/gui/include/gui/main_screen/MainView.hpp:11:13:MainView::~MainView()	0	static
C:/TouchGFXProjects/MyApplication_11/TouchGFX/gui/src/main_screen/MainView.cpp:10:6:virtual void MainView::setupScreen()	0	static
../../Middlewares/ST/touchgfx/framework/include/touchgfx/TypedText.hpp:65:13:virtual touchgfx::TypedText::~TypedText()	8	static
../../TouchGFX/gui/include/gui/main_screen/MainView.hpp:11:13:virtual MainView::~MainView()	8	static
../../Middlewares/ST/touchgfx/framework/include/touchgfx/containers/buttons/AbstractButtonContainer.hpp:51:10:void touchgfx::AbstractButtonContainer::setPressed(bool)	0	static
../../Middlewares/ST/touchgfx/framework/include/touchgfx/containers/buttons/AbstractButtonContainer.hpp:70:10:void touchgfx::AbstractButtonContainer::setAlpha(uint8_t)	0	static
../../Middlewares/ST/touchgfx/framework/include/touchgfx/widgets/TextAreaWithWildcard.hpp:105:33:const UnicodeChar* touchgfx::TextAreaWithOneWildcard::getWildcard() const	0	static
C:/TouchGFXProjects/MyApplication_11/TouchGFX/gui/src/main_screen/MainView.cpp:18:6:virtual void MainView::clickButtonPressed()	16	static
C:/TouchGFXProjects/MyApplication_11/TouchGFX/gui/src/main_screen/MainView.cpp:61:6:virtual void MainView::touchButtonPressed()	24	static
C:/TouchGFXProjects/MyApplication_11/TouchGFX/gui/src/main_screen/MainView.cpp:91:6:virtual void MainView::repeatButtonPressed()	24	static
C:/TouchGFXProjects/MyApplication_11/TouchGFX/gui/src/main_screen/MainView.cpp:6:1:MainView::MainView()	8	static
../../Middlewares/ST/touchgfx/framework/include/touchgfx/containers/buttons/TextButtonStyle.hpp:57:10:void touchgfx::TextButtonStyle<T>::setText(touchgfx::TypedText) [with T = touchgfx::ToggleButtonTrigger]	40	static
C:/TouchGFXProjects/MyApplication_11/TouchGFX/gui/src/main_screen/MainView.cpp:120:6:virtual void MainView::toggleButtonPressed()	24	static
